// Jest Snapshot v1, https://goo.gl/fbAQLP

exports[`snapshot renders 1`] = `
<div
  className="items"
>
  <div
    className="left"
  >
    <img
      src="/images/IMG_2592.jpg"
    />
  </div>
  <div
    className="right"
  >
    <img
      src="/images/RXTM-088-600x600.jpg"
    />
  </div>
</div>
`;
